// Jest Snapshot v1, https://goo.gl/fbAQLP

exports[`CountryList renders correctly 1`] = `
ShallowWrapper {
  "length": 1,
  Symbol(enzyme.__root__): [Circular],
  Symbol(enzyme.__unrendered__): <CountryList
    items={Array []}
    onClose={[Function]}
    onSelect={[Function]}
  />,
  Symbol(enzyme.__renderer__): Object {
    "batchedUpdates": [Function],
    "getNode": [Function],
    "render": [Function],
    "simulateEvent": [Function],
    "unmount": [Function],
  },
  Symbol(enzyme.__node__): Object {
    "instance": null,
    "key": undefined,
    "nodeType": "class",
    "props": Object {
      "children": Array [
        <Styled(Header)>
          <Styled(Item)
            style={
              Object {
                "borderColor": "transparent",
                "borderWidth": 0,
                "width": "70%",
              }
            }
          >
            <Styled(Icon)
              name="ios-search"
              style={
                Object {
                  "color": "#222",
                }
              }
            />
            <Styled(Input)
              onChange={[Function]}
              placeholder="Search countries"
              placeholderTextColor="#222"
              style={
                Object {
                  "color": "#222",
                }
              }
            />
          </Styled(Item)>
          <Styled(Right)>
            <Styled(Button)
              onPress={[Function]}
              transparent={true}
            >
              <Styled(Text)>
                Close
              </Styled(Text)>
            </Styled(Button)>
          </Styled(Right)>
        </Styled(Header)>,
        <Styled(Content)>
          <Styled(List) />
        </Styled(Content)>,
      ],
      "virtual": undefined,
    },
    "ref": null,
    "rendered": Array [
      Object {
        "instance": null,
        "key": undefined,
        "nodeType": "class",
        "props": Object {
          "children": Array [
            <Styled(Item)
              style={
                Object {
                  "borderColor": "transparent",
                  "borderWidth": 0,
                  "width": "70%",
                }
              }
            >
              <Styled(Icon)
                name="ios-search"
                style={
                  Object {
                    "color": "#222",
                  }
                }
              />
              <Styled(Input)
                onChange={[Function]}
                placeholder="Search countries"
                placeholderTextColor="#222"
                style={
                  Object {
                    "color": "#222",
                  }
                }
              />
            </Styled(Item)>,
            <Styled(Right)>
              <Styled(Button)
                onPress={[Function]}
                transparent={true}
              >
                <Styled(Text)>
                  Close
                </Styled(Text)>
              </Styled(Button)>
            </Styled(Right)>,
          ],
          "virtual": undefined,
        },
        "ref": null,
        "rendered": Array [
          Object {
            "instance": null,
            "key": undefined,
            "nodeType": "class",
            "props": Object {
              "children": Array [
                <Styled(Icon)
                  name="ios-search"
                  style={
                    Object {
                      "color": "#222",
                    }
                  }
                />,
                <Styled(Input)
                  onChange={[Function]}
                  placeholder="Search countries"
                  placeholderTextColor="#222"
                  style={
                    Object {
                      "color": "#222",
                    }
                  }
                />,
              ],
              "style": Object {
                "borderColor": "transparent",
                "borderWidth": 0,
                "width": "70%",
              },
              "virtual": undefined,
            },
            "ref": null,
            "rendered": Array [
              Object {
                "instance": null,
                "key": undefined,
                "nodeType": "class",
                "props": Object {
                  "name": "ios-search",
                  "style": Object {
                    "color": "#222",
                  },
                  "virtual": undefined,
                },
                "ref": null,
                "rendered": null,
                "type": [Function],
              },
              Object {
                "instance": null,
                "key": undefined,
                "nodeType": "class",
                "props": Object {
                  "onChange": [Function],
                  "placeholder": "Search countries",
                  "placeholderTextColor": "#222",
                  "style": Object {
                    "color": "#222",
                  },
                  "virtual": undefined,
                },
                "ref": null,
                "rendered": null,
                "type": [Function],
              },
            ],
            "type": [Function],
          },
          Object {
            "instance": null,
            "key": undefined,
            "nodeType": "class",
            "props": Object {
              "children": <Styled(Button)
                onPress={[Function]}
                transparent={true}
              >
                <Styled(Text)>
                  Close
                </Styled(Text)>
              </Styled(Button)>,
              "virtual": undefined,
            },
            "ref": null,
            "rendered": Object {
              "instance": null,
              "key": undefined,
              "nodeType": "class",
              "props": Object {
                "children": <Styled(Text)>
                  Close
                </Styled(Text)>,
                "onPress": [Function],
                "transparent": true,
                "virtual": undefined,
              },
              "ref": null,
              "rendered": Object {
                "instance": null,
                "key": undefined,
                "nodeType": "class",
                "props": Object {
                  "children": "Close",
                  "virtual": undefined,
                },
                "ref": null,
                "rendered": "Close",
                "type": [Function],
              },
              "type": [Function],
            },
            "type": [Function],
          },
        ],
        "type": [Function],
      },
      Object {
        "instance": null,
        "key": undefined,
        "nodeType": "class",
        "props": Object {
          "children": <Styled(List) />,
          "virtual": undefined,
        },
        "ref": null,
        "rendered": Object {
          "instance": null,
          "key": undefined,
          "nodeType": "class",
          "props": Object {
            "children": Array [],
            "virtual": undefined,
          },
          "ref": null,
          "rendered": Array [],
          "type": [Function],
        },
        "type": [Function],
      },
    ],
    "type": [Function],
  },
  Symbol(enzyme.__nodes__): Array [
    Object {
      "instance": null,
      "key": undefined,
      "nodeType": "class",
      "props": Object {
        "children": Array [
          <Styled(Header)>
            <Styled(Item)
              style={
                Object {
                  "borderColor": "transparent",
                  "borderWidth": 0,
                  "width": "70%",
                }
              }
            >
              <Styled(Icon)
                name="ios-search"
                style={
                  Object {
                    "color": "#222",
                  }
                }
              />
              <Styled(Input)
                onChange={[Function]}
                placeholder="Search countries"
                placeholderTextColor="#222"
                style={
                  Object {
                    "color": "#222",
                  }
                }
              />
            </Styled(Item)>
            <Styled(Right)>
              <Styled(Button)
                onPress={[Function]}
                transparent={true}
              >
                <Styled(Text)>
                  Close
                </Styled(Text)>
              </Styled(Button)>
            </Styled(Right)>
          </Styled(Header)>,
          <Styled(Content)>
            <Styled(List) />
          </Styled(Content)>,
        ],
        "virtual": undefined,
      },
      "ref": null,
      "rendered": Array [
        Object {
          "instance": null,
          "key": undefined,
          "nodeType": "class",
          "props": Object {
            "children": Array [
              <Styled(Item)
                style={
                  Object {
                    "borderColor": "transparent",
                    "borderWidth": 0,
                    "width": "70%",
                  }
                }
              >
                <Styled(Icon)
                  name="ios-search"
                  style={
                    Object {
                      "color": "#222",
                    }
                  }
                />
                <Styled(Input)
                  onChange={[Function]}
                  placeholder="Search countries"
                  placeholderTextColor="#222"
                  style={
                    Object {
                      "color": "#222",
                    }
                  }
                />
              </Styled(Item)>,
              <Styled(Right)>
                <Styled(Button)
                  onPress={[Function]}
                  transparent={true}
                >
                  <Styled(Text)>
                    Close
                  </Styled(Text)>
                </Styled(Button)>
              </Styled(Right)>,
            ],
            "virtual": undefined,
          },
          "ref": null,
          "rendered": Array [
            Object {
              "instance": null,
              "key": undefined,
              "nodeType": "class",
              "props": Object {
                "children": Array [
                  <Styled(Icon)
                    name="ios-search"
                    style={
                      Object {
                        "color": "#222",
                      }
                    }
                  />,
                  <Styled(Input)
                    onChange={[Function]}
                    placeholder="Search countries"
                    placeholderTextColor="#222"
                    style={
                      Object {
                        "color": "#222",
                      }
                    }
                  />,
                ],
                "style": Object {
                  "borderColor": "transparent",
                  "borderWidth": 0,
                  "width": "70%",
                },
                "virtual": undefined,
              },
              "ref": null,
              "rendered": Array [
                Object {
                  "instance": null,
                  "key": undefined,
                  "nodeType": "class",
                  "props": Object {
                    "name": "ios-search",
                    "style": Object {
                      "color": "#222",
                    },
                    "virtual": undefined,
                  },
                  "ref": null,
                  "rendered": null,
                  "type": [Function],
                },
                Object {
                  "instance": null,
                  "key": undefined,
                  "nodeType": "class",
                  "props": Object {
                    "onChange": [Function],
                    "placeholder": "Search countries",
                    "placeholderTextColor": "#222",
                    "style": Object {
                      "color": "#222",
                    },
                    "virtual": undefined,
                  },
                  "ref": null,
                  "rendered": null,
                  "type": [Function],
                },
              ],
              "type": [Function],
            },
            Object {
              "instance": null,
              "key": undefined,
              "nodeType": "class",
              "props": Object {
                "children": <Styled(Button)
                  onPress={[Function]}
                  transparent={true}
                >
                  <Styled(Text)>
                    Close
                  </Styled(Text)>
                </Styled(Button)>,
                "virtual": undefined,
              },
              "ref": null,
              "rendered": Object {
                "instance": null,
                "key": undefined,
                "nodeType": "class",
                "props": Object {
                  "children": <Styled(Text)>
                    Close
                  </Styled(Text)>,
                  "onPress": [Function],
                  "transparent": true,
                  "virtual": undefined,
                },
                "ref": null,
                "rendered": Object {
                  "instance": null,
                  "key": undefined,
                  "nodeType": "class",
                  "props": Object {
                    "children": "Close",
                    "virtual": undefined,
                  },
                  "ref": null,
                  "rendered": "Close",
                  "type": [Function],
                },
                "type": [Function],
              },
              "type": [Function],
            },
          ],
          "type": [Function],
        },
        Object {
          "instance": null,
          "key": undefined,
          "nodeType": "class",
          "props": Object {
            "children": <Styled(List) />,
            "virtual": undefined,
          },
          "ref": null,
          "rendered": Object {
            "instance": null,
            "key": undefined,
            "nodeType": "class",
            "props": Object {
              "children": Array [],
              "virtual": undefined,
            },
            "ref": null,
            "rendered": Array [],
            "type": [Function],
          },
          "type": [Function],
        },
      ],
      "type": [Function],
    },
  ],
  Symbol(enzyme.__options__): Object {
    "adapter": ReactSixteenAdapter {
      "options": Object {
        "enableComponentDidUpdateOnSetState": true,
      },
    },
  },
}
`;
