// Jest Snapshot v1, https://goo.gl/fbAQLP

exports[`Stats renders correctly 1`] = `
ShallowWrapper {
  "length": 1,
  Symbol(enzyme.__root__): [Circular],
  Symbol(enzyme.__unrendered__): <Stats
    bytesReceived={9999999}
    bytesSent={9999}
    duration={999999}
  />,
  Symbol(enzyme.__renderer__): Object {
    "batchedUpdates": [Function],
    "getNode": [Function],
    "render": [Function],
    "simulateEvent": [Function],
    "unmount": [Function],
  },
  Symbol(enzyme.__node__): Object {
    "instance": null,
    "key": undefined,
    "nodeType": "class",
    "props": Object {
      "children": Array [
        <ColumnNB>
          <StatsBlock
            textAmount="277:46:39"
            textName="DURATION"
            textUnits="H:M:S"
          />
        </ColumnNB>,
        <ColumnNB>
          <StatsBlock
            textAmount="9.54"
            textName="RECEIVED"
            textUnits="MB"
          />
        </ColumnNB>,
        <ColumnNB>
          <StatsBlock
            textAmount="9.76"
            textName="SENT"
            textUnits="KB"
          />
        </ColumnNB>,
      ],
    },
    "ref": null,
    "rendered": Array [
      Object {
        "instance": null,
        "key": undefined,
        "nodeType": "class",
        "props": Object {
          "children": <StatsBlock
            textAmount="277:46:39"
            textName="DURATION"
            textUnits="H:M:S"
          />,
        },
        "ref": null,
        "rendered": Object {
          "instance": null,
          "key": undefined,
          "nodeType": "function",
          "props": Object {
            "textAmount": "277:46:39",
            "textName": "DURATION",
            "textUnits": "H:M:S",
          },
          "ref": null,
          "rendered": null,
          "type": [Function],
        },
        "type": [Function],
      },
      Object {
        "instance": null,
        "key": undefined,
        "nodeType": "class",
        "props": Object {
          "children": <StatsBlock
            textAmount="9.54"
            textName="RECEIVED"
            textUnits="MB"
          />,
        },
        "ref": null,
        "rendered": Object {
          "instance": null,
          "key": undefined,
          "nodeType": "function",
          "props": Object {
            "textAmount": "9.54",
            "textName": "RECEIVED",
            "textUnits": "MB",
          },
          "ref": null,
          "rendered": null,
          "type": [Function],
        },
        "type": [Function],
      },
      Object {
        "instance": null,
        "key": undefined,
        "nodeType": "class",
        "props": Object {
          "children": <StatsBlock
            textAmount="9.76"
            textName="SENT"
            textUnits="KB"
          />,
        },
        "ref": null,
        "rendered": Object {
          "instance": null,
          "key": undefined,
          "nodeType": "function",
          "props": Object {
            "textAmount": "9.76",
            "textName": "SENT",
            "textUnits": "KB",
          },
          "ref": null,
          "rendered": null,
          "type": [Function],
        },
        "type": [Function],
      },
    ],
    "type": [Function],
  },
  Symbol(enzyme.__nodes__): Array [
    Object {
      "instance": null,
      "key": undefined,
      "nodeType": "class",
      "props": Object {
        "children": Array [
          <ColumnNB>
            <StatsBlock
              textAmount="277:46:39"
              textName="DURATION"
              textUnits="H:M:S"
            />
          </ColumnNB>,
          <ColumnNB>
            <StatsBlock
              textAmount="9.54"
              textName="RECEIVED"
              textUnits="MB"
            />
          </ColumnNB>,
          <ColumnNB>
            <StatsBlock
              textAmount="9.76"
              textName="SENT"
              textUnits="KB"
            />
          </ColumnNB>,
        ],
      },
      "ref": null,
      "rendered": Array [
        Object {
          "instance": null,
          "key": undefined,
          "nodeType": "class",
          "props": Object {
            "children": <StatsBlock
              textAmount="277:46:39"
              textName="DURATION"
              textUnits="H:M:S"
            />,
          },
          "ref": null,
          "rendered": Object {
            "instance": null,
            "key": undefined,
            "nodeType": "function",
            "props": Object {
              "textAmount": "277:46:39",
              "textName": "DURATION",
              "textUnits": "H:M:S",
            },
            "ref": null,
            "rendered": null,
            "type": [Function],
          },
          "type": [Function],
        },
        Object {
          "instance": null,
          "key": undefined,
          "nodeType": "class",
          "props": Object {
            "children": <StatsBlock
              textAmount="9.54"
              textName="RECEIVED"
              textUnits="MB"
            />,
          },
          "ref": null,
          "rendered": Object {
            "instance": null,
            "key": undefined,
            "nodeType": "function",
            "props": Object {
              "textAmount": "9.54",
              "textName": "RECEIVED",
              "textUnits": "MB",
            },
            "ref": null,
            "rendered": null,
            "type": [Function],
          },
          "type": [Function],
        },
        Object {
          "instance": null,
          "key": undefined,
          "nodeType": "class",
          "props": Object {
            "children": <StatsBlock
              textAmount="9.76"
              textName="SENT"
              textUnits="KB"
            />,
          },
          "ref": null,
          "rendered": Object {
            "instance": null,
            "key": undefined,
            "nodeType": "function",
            "props": Object {
              "textAmount": "9.76",
              "textName": "SENT",
              "textUnits": "KB",
            },
            "ref": null,
            "rendered": null,
            "type": [Function],
          },
          "type": [Function],
        },
      ],
      "type": [Function],
    },
  ],
  Symbol(enzyme.__options__): Object {
    "adapter": ReactSixteenAdapter {
      "options": Object {
        "enableComponentDidUpdateOnSetState": true,
      },
    },
  },
}
`;
